Archive member included to satisfy reference by file (symbol)

c:/progra~2/gnuarm~1/102021~1.10/bin/../lib/gcc/arm-none-eabi/10.3.1/../../../../arm-none-eabi/lib/thumb/v7e-m/nofp\libg_nano.a(lib_a-exit.o)
                              c:/progra~2/gnuarm~1/102021~1.10/bin/../lib/gcc/arm-none-eabi/10.3.1/../../../../arm-none-eabi/lib/thumb/v7e-m/nofp/crt0.o (exit)
c:/progra~2/gnuarm~1/102021~1.10/bin/../lib/gcc/arm-none-eabi/10.3.1/../../../../arm-none-eabi/lib/thumb/v7e-m/nofp\libg_nano.a(lib_a-impure.o)
                              c:/progra~2/gnuarm~1/102021~1.10/bin/../lib/gcc/arm-none-eabi/10.3.1/../../../../arm-none-eabi/lib/thumb/v7e-m/nofp\libg_nano.a(lib_a-exit.o) (_global_impure_ptr)
c:/progra~2/gnuarm~1/102021~1.10/bin/../lib/gcc/arm-none-eabi/10.3.1/../../../../arm-none-eabi/lib/thumb/v7e-m/nofp\libg_nano.a(lib_a-init.o)
                              c:/progra~2/gnuarm~1/102021~1.10/bin/../lib/gcc/arm-none-eabi/10.3.1/../../../../arm-none-eabi/lib/thumb/v7e-m/nofp/crt0.o (__libc_init_array)
c:/progra~2/gnuarm~1/102021~1.10/bin/../lib/gcc/arm-none-eabi/10.3.1/../../../../arm-none-eabi/lib/thumb/v7e-m/nofp\libg_nano.a(lib_a-memset.o)
                              c:/progra~2/gnuarm~1/102021~1.10/bin/../lib/gcc/arm-none-eabi/10.3.1/../../../../arm-none-eabi/lib/thumb/v7e-m/nofp/crt0.o (memset)
c:/progra~2/gnuarm~1/102021~1.10/bin/../lib/gcc/arm-none-eabi/10.3.1/../../../../arm-none-eabi/lib/thumb/v7e-m/nofp\libnosys.a(_exit.o)
                              c:/progra~2/gnuarm~1/102021~1.10/bin/../lib/gcc/arm-none-eabi/10.3.1/../../../../arm-none-eabi/lib/thumb/v7e-m/nofp\libg_nano.a(lib_a-exit.o) (_exit)

Discarded input sections

 .text          0x00000000        0x0 c:/progra~2/gnuarm~1/102021~1.10/bin/../lib/gcc/arm-none-eabi/10.3.1/thumb/v7e-m/nofp/crti.o
 .data          0x00000000        0x0 c:/progra~2/gnuarm~1/102021~1.10/bin/../lib/gcc/arm-none-eabi/10.3.1/thumb/v7e-m/nofp/crti.o
 .bss           0x00000000        0x0 c:/progra~2/gnuarm~1/102021~1.10/bin/../lib/gcc/arm-none-eabi/10.3.1/thumb/v7e-m/nofp/crti.o
 .data          0x00000000        0x4 c:/progra~2/gnuarm~1/102021~1.10/bin/../lib/gcc/arm-none-eabi/10.3.1/thumb/v7e-m/nofp/crtbegin.o
 .rodata        0x00000000       0x24 c:/progra~2/gnuarm~1/102021~1.10/bin/../lib/gcc/arm-none-eabi/10.3.1/thumb/v7e-m/nofp/crtbegin.o
 .text          0x00000000       0x7c c:/progra~2/gnuarm~1/102021~1.10/bin/../lib/gcc/arm-none-eabi/10.3.1/../../../../arm-none-eabi/lib/thumb/v7e-m/nofp/crt0.o
 .data          0x00000000        0x0 c:/progra~2/gnuarm~1/102021~1.10/bin/../lib/gcc/arm-none-eabi/10.3.1/../../../../arm-none-eabi/lib/thumb/v7e-m/nofp/crt0.o
 .bss           0x00000000        0x0 c:/progra~2/gnuarm~1/102021~1.10/bin/../lib/gcc/arm-none-eabi/10.3.1/../../../../arm-none-eabi/lib/thumb/v7e-m/nofp/crt0.o
 .ARM.extab     0x00000000        0x0 c:/progra~2/gnuarm~1/102021~1.10/bin/../lib/gcc/arm-none-eabi/10.3.1/../../../../arm-none-eabi/lib/thumb/v7e-m/nofp/crt0.o
 .ARM.exidx     0x00000000       0x10 c:/progra~2/gnuarm~1/102021~1.10/bin/../lib/gcc/arm-none-eabi/10.3.1/../../../../arm-none-eabi/lib/thumb/v7e-m/nofp/crt0.o
 .ARM.attributes
                0x00000000       0x1c c:/progra~2/gnuarm~1/102021~1.10/bin/../lib/gcc/arm-none-eabi/10.3.1/../../../../arm-none-eabi/lib/thumb/v7e-m/nofp/crt0.o
 .text          0x00000000        0x0 CMakeFiles/TemplateF401CEU6.elf.dir/FWLIB/src/misc.c.obj
 .data          0x00000000        0x0 CMakeFiles/TemplateF401CEU6.elf.dir/FWLIB/src/misc.c.obj
 .bss           0x00000000        0x0 CMakeFiles/TemplateF401CEU6.elf.dir/FWLIB/src/misc.c.obj
 .text.NVIC_PriorityGroupConfig
                0x00000000       0x14 CMakeFiles/TemplateF401CEU6.elf.dir/FWLIB/src/misc.c.obj
 .text.NVIC_Init
                0x00000000       0x64 CMakeFiles/TemplateF401CEU6.elf.dir/FWLIB/src/misc.c.obj
 .text.NVIC_SetVectorTable
                0x00000000       0x14 CMakeFiles/TemplateF401CEU6.elf.dir/FWLIB/src/misc.c.obj
 .text.NVIC_SystemLPConfig
                0x00000000       0x1c CMakeFiles/TemplateF401CEU6.elf.dir/FWLIB/src/misc.c.obj
 .text.SysTick_CLKSourceConfig
                0x00000000       0x20 CMakeFiles/TemplateF401CEU6.elf.dir/FWLIB/src/misc.c.obj
 .debug_info    0x00000000      0x57c CMakeFiles/TemplateF401CEU6.elf.dir/FWLIB/src/misc.c.obj
 .debug_abbrev  0x00000000      0x187 CMakeFiles/TemplateF401CEU6.elf.dir/FWLIB/src/misc.c.obj
 .debug_loc     0x00000000      0x187 CMakeFiles/TemplateF401CEU6.elf.dir/FWLIB/src/misc.c.obj
 .debug_aranges
                0x00000000       0x40 CMakeFiles/TemplateF401CEU6.elf.dir/FWLIB/src/misc.c.obj
 .debug_ranges  0x00000000       0x30 CMakeFiles/TemplateF401CEU6.elf.dir/FWLIB/src/misc.c.obj
 .debug_line    0x00000000      0x2a0 CMakeFiles/TemplateF401CEU6.elf.dir/FWLIB/src/misc.c.obj
 .debug_str     0x00000000      0x413 CMakeFiles/TemplateF401CEU6.elf.dir/FWLIB/src/misc.c.obj
 .comment       0x00000000       0x4a CMakeFiles/TemplateF401CEU6.elf.dir/FWLIB/src/misc.c.obj
[...]
Memory Configuration

Name             Origin             Length             Attributes
RAM              0x20000000         0x00018000         xrw
FLASH            0x08000000         0x00080000         xr
*default*        0x00000000         0xffffffff

Linker script and memory map

LOAD c:/progra~2/gnuarm~1/102021~1.10/bin/../lib/gcc/arm-none-eabi/10.3.1/thumb/v7e-m/nofp/crti.o
LOAD c:/progra~2/gnuarm~1/102021~1.10/bin/../lib/gcc/arm-none-eabi/10.3.1/thumb/v7e-m/nofp/crtbegin.o
LOAD c:/progra~2/gnuarm~1/102021~1.10/bin/../lib/gcc/arm-none-eabi/10.3.1/../../../../arm-none-eabi/lib/thumb/v7e-m/nofp/crt0.o
LOAD CMakeFiles/TemplateF401CEU6.elf.dir/FWLIB/src/misc.c.obj
LOAD CMakeFiles/TemplateF401CEU6.elf.dir/FWLIB/src/stm32f4xx_adc.c.obj
LOAD CMakeFiles/TemplateF401CEU6.elf.dir/FWLIB/src/stm32f4xx_can.c.obj
LOAD CMakeFiles/TemplateF401CEU6.elf.dir/FWLIB/src/stm32f4xx_cec.c.obj
LOAD CMakeFiles/TemplateF401CEU6.elf.dir/FWLIB/src/stm32f4xx_crc.c.obj
LOAD CMakeFiles/TemplateF401CEU6.elf.dir/FWLIB/src/stm32f4xx_cryp.c.obj
LOAD CMakeFiles/TemplateF401CEU6.elf.dir/FWLIB/src/stm32f4xx_cryp_aes.c.obj
LOAD CMakeFiles/TemplateF401CEU6.elf.dir/FWLIB/src/stm32f4xx_cryp_des.c.obj
LOAD CMakeFiles/TemplateF401CEU6.elf.dir/FWLIB/src/stm32f4xx_cryp_tdes.c.obj
LOAD CMakeFiles/TemplateF401CEU6.elf.dir/FWLIB/src/stm32f4xx_dac.c.obj
LOAD CMakeFiles/TemplateF401CEU6.elf.dir/FWLIB/src/stm32f4xx_dbgmcu.c.obj
LOAD CMakeFiles/TemplateF401CEU6.elf.dir/FWLIB/src/stm32f4xx_dcmi.c.obj
LOAD CMakeFiles/TemplateF401CEU6.elf.dir/FWLIB/src/stm32f4xx_dfsdm.c.obj
LOAD CMakeFiles/TemplateF401CEU6.elf.dir/FWLIB/src/stm32f4xx_dma.c.obj
LOAD CMakeFiles/TemplateF401CEU6.elf.dir/FWLIB/src/stm32f4xx_dma2d.c.obj
LOAD CMakeFiles/TemplateF401CEU6.elf.dir/FWLIB/src/stm32f4xx_dsi.c.obj
LOAD CMakeFiles/TemplateF401CEU6.elf.dir/FWLIB/src/stm32f4xx_exti.c.obj
LOAD CMakeFiles/TemplateF401CEU6.elf.dir/FWLIB/src/stm32f4xx_flash.c.obj
LOAD CMakeFiles/TemplateF401CEU6.elf.dir/FWLIB/src/stm32f4xx_flash_ramfunc.c.obj
LOAD CMakeFiles/TemplateF401CEU6.elf.dir/FWLIB/src/stm32f4xx_fmpi2c.c.obj
LOAD CMakeFiles/TemplateF401CEU6.elf.dir/FWLIB/src/stm32f4xx_gpio.c.obj
LOAD CMakeFiles/TemplateF401CEU6.elf.dir/FWLIB/src/stm32f4xx_hash.c.obj
LOAD CMakeFiles/TemplateF401CEU6.elf.dir/FWLIB/src/stm32f4xx_hash_md5.c.obj
LOAD CMakeFiles/TemplateF401CEU6.elf.dir/FWLIB/src/stm32f4xx_hash_sha1.c.obj
LOAD CMakeFiles/TemplateF401CEU6.elf.dir/FWLIB/src/stm32f4xx_i2c.c.obj
LOAD CMakeFiles/TemplateF401CEU6.elf.dir/FWLIB/src/stm32f4xx_iwdg.c.obj
LOAD CMakeFiles/TemplateF401CEU6.elf.dir/FWLIB/src/stm32f4xx_lptim.c.obj
LOAD CMakeFiles/TemplateF401CEU6.elf.dir/FWLIB/src/stm32f4xx_ltdc.c.obj
LOAD CMakeFiles/TemplateF401CEU6.elf.dir/FWLIB/src/stm32f4xx_pwr.c.obj
LOAD CMakeFiles/TemplateF401CEU6.elf.dir/FWLIB/src/stm32f4xx_qspi.c.obj
LOAD CMakeFiles/TemplateF401CEU6.elf.dir/FWLIB/src/stm32f4xx_rcc.c.obj
LOAD CMakeFiles/TemplateF401CEU6.elf.dir/FWLIB/src/stm32f4xx_rng.c.obj
LOAD CMakeFiles/TemplateF401CEU6.elf.dir/FWLIB/src/stm32f4xx_rtc.c.obj
LOAD CMakeFiles/TemplateF401CEU6.elf.dir/FWLIB/src/stm32f4xx_sai.c.obj
LOAD CMakeFiles/TemplateF401CEU6.elf.dir/FWLIB/src/stm32f4xx_sdio.c.obj
LOAD CMakeFiles/TemplateF401CEU6.elf.dir/FWLIB/src/stm32f4xx_spdifrx.c.obj
LOAD CMakeFiles/TemplateF401CEU6.elf.dir/FWLIB/src/stm32f4xx_spi.c.obj
LOAD CMakeFiles/TemplateF401CEU6.elf.dir/FWLIB/src/stm32f4xx_syscfg.c.obj
LOAD CMakeFiles/TemplateF401CEU6.elf.dir/FWLIB/src/stm32f4xx_tim.c.obj
LOAD CMakeFiles/TemplateF401CEU6.elf.dir/FWLIB/src/stm32f4xx_usart.c.obj
LOAD CMakeFiles/TemplateF401CEU6.elf.dir/FWLIB/src/stm32f4xx_wwdg.c.obj
LOAD CMakeFiles/TemplateF401CEU6.elf.dir/SYSTEM/Src/sys.c.obj
LOAD CMakeFiles/TemplateF401CEU6.elf.dir/SYSTEM/Src/usart.c.obj
LOAD CMakeFiles/TemplateF401CEU6.elf.dir/USER/Src/Delay.c.obj
LOAD CMakeFiles/TemplateF401CEU6.elf.dir/USER/Src/main.c.obj
LOAD CMakeFiles/TemplateF401CEU6.elf.dir/USER/Src/stm32f4xx_it.c.obj
LOAD CMakeFiles/TemplateF401CEU6.elf.dir/USER/Src/system_stm32f4xx.c.obj
LOAD CMakeFiles/TemplateF401CEU6.elf.dir/USER/Src/tools.c.obj
LOAD CMakeFiles/TemplateF401CEU6.elf.dir/startup/startup_stm32f401xe.s.obj
START GROUP
LOAD c:/progra~2/gnuarm~1/102021~1.10/bin/../lib/gcc/arm-none-eabi/10.3.1/thumb/v7e-m/nofp\libgcc.a
LOAD c:/progra~2/gnuarm~1/102021~1.10/bin/../lib/gcc/arm-none-eabi/10.3.1/../../../../arm-none-eabi/lib/thumb/v7e-m/nofp\libg_nano.a
LOAD c:/progra~2/gnuarm~1/102021~1.10/bin/../lib/gcc/arm-none-eabi/10.3.1/../../../../arm-none-eabi/lib/thumb/v7e-m/nofp\libc_nano.a
END GROUP
START GROUP
LOAD c:/progra~2/gnuarm~1/102021~1.10/bin/../lib/gcc/arm-none-eabi/10.3.1/thumb/v7e-m/nofp\libgcc.a
LOAD c:/progra~2/gnuarm~1/102021~1.10/bin/../lib/gcc/arm-none-eabi/10.3.1/../../../../arm-none-eabi/lib/thumb/v7e-m/nofp\libc_nano.a
LOAD c:/progra~2/gnuarm~1/102021~1.10/bin/../lib/gcc/arm-none-eabi/10.3.1/../../../../arm-none-eabi/lib/thumb/v7e-m/nofp\libnosys.a
END GROUP
START GROUP
LOAD c:/progra~2/gnuarm~1/102021~1.10/bin/../lib/gcc/arm-none-eabi/10.3.1/thumb/v7e-m/nofp\libgcc.a
LOAD c:/progra~2/gnuarm~1/102021~1.10/bin/../lib/gcc/arm-none-eabi/10.3.1/../../../../arm-none-eabi/lib/thumb/v7e-m/nofp\libc_nano.a
LOAD c:/progra~2/gnuarm~1/102021~1.10/bin/../lib/gcc/arm-none-eabi/10.3.1/../../../../arm-none-eabi/lib/thumb/v7e-m/nofp\libnosys.a
END GROUP
LOAD c:/progra~2/gnuarm~1/102021~1.10/bin/../lib/gcc/arm-none-eabi/10.3.1/thumb/v7e-m/nofp/crtend.o
LOAD c:/progra~2/gnuarm~1/102021~1.10/bin/../lib/gcc/arm-none-eabi/10.3.1/thumb/v7e-m/nofp/crtn.o
                0x20018000                _estack = 0x20018000
                0x00000200                _Min_Heap_Size = 0x200
                0x00000400                _Min_Stack_Size = 0x400

.isr_vector     0x08000000      0x194
                0x08000000                . = ALIGN (0x4)
 *(.isr_vector)
 .isr_vector    0x08000000      0x194 CMakeFiles/TemplateF401CEU6.elf.dir/startup/startup_stm32f401xe.s.obj
                0x08000000                g_pfnVectors
                0x08000194                . = ALIGN (0x4)

.text           0x08000194      0x660
                0x08000194                . = ALIGN (0x4)
 *(.text)
 .text          0x08000194       0x40 c:/progra~2/gnuarm~1/102021~1.10/bin/../lib/gcc/arm-none-eabi/10.3.1/thumb/v7e-m/nofp/crtbegin.o
 *(.text*)
 .text.GPIO_Init
                0x080001d4       0xa6 CMakeFiles/TemplateF401CEU6.elf.dir/FWLIB/src/stm32f4xx_gpio.c.obj
                0x080001d4                GPIO_Init
 .text.GPIO_SetBits
                0x0800027a        0x4 CMakeFiles/TemplateF401CEU6.elf.dir/FWLIB/src/stm32f4xx_gpio.c.obj
                0x0800027a                GPIO_SetBits
 *fill*         0x0800027e        0x2 
 .text.RCC_AHB1PeriphClockCmd
                0x08000280       0x1c CMakeFiles/TemplateF401CEU6.elf.dir/FWLIB/src/stm32f4xx_rcc.c.obj
                0x08000280                RCC_AHB1PeriphClockCmd
 .text.USART_ReceiveData
                0x0800029c        0x8 CMakeFiles/TemplateF401CEU6.elf.dir/FWLIB/src/stm32f4xx_usart.c.obj
                0x0800029c                USART_ReceiveData
 .text.USART_GetITStatus
                0x080002a4       0x4a CMakeFiles/TemplateF401CEU6.elf.dir/FWLIB/src/stm32f4xx_usart.c.obj
                0x080002a4                USART_GetITStatus
 *fill*         0x080002ee        0x2 
 .text.USART1_IRQHandler
                0x080002f0       0x7c CMakeFiles/TemplateF401CEU6.elf.dir/SYSTEM/Src/usart.c.obj
                0x080002f0                USART1_IRQHandler
 .text.Delay_us
                0x0800036c       0x2a CMakeFiles/TemplateF401CEU6.elf.dir/USER/Src/Delay.c.obj
                0x0800036c                Delay_us
 .text.Delay_ms
                0x08000396       0x16 CMakeFiles/TemplateF401CEU6.elf.dir/USER/Src/Delay.c.obj
                0x08000396                Delay_ms
 .text.WS2812_SetRGBColor
                0x080003ac      0x13c CMakeFiles/TemplateF401CEU6.elf.dir/USER/Src/main.c.obj
                0x080003ac                WS2812_SetRGBColor
 .text.main     0x080004e8      0x140 CMakeFiles/TemplateF401CEU6.elf.dir/USER/Src/main.c.obj
                0x080004e8                main
 .text.NMI_Handler
                0x08000628        0x2 CMakeFiles/TemplateF401CEU6.elf.dir/USER/Src/stm32f4xx_it.c.obj
                0x08000628                NMI_Handler
 .text.HardFault_Handler
                0x0800062a        0x2 CMakeFiles/TemplateF401CEU6.elf.dir/USER/Src/stm32f4xx_it.c.obj
                0x0800062a                HardFault_Handler
 .text.MemManage_Handler
                0x0800062c        0x2 CMakeFiles/TemplateF401CEU6.elf.dir/USER/Src/stm32f4xx_it.c.obj
                0x0800062c                MemManage_Handler
 .text.BusFault_Handler
                0x0800062e        0x2 CMakeFiles/TemplateF401CEU6.elf.dir/USER/Src/stm32f4xx_it.c.obj
                0x0800062e                BusFault_Handler
 .text.UsageFault_Handler
                0x08000630        0x2 CMakeFiles/TemplateF401CEU6.elf.dir/USER/Src/stm32f4xx_it.c.obj
                0x08000630                UsageFault_Handler
 .text.SVC_Handler
                0x08000632        0x2 CMakeFiles/TemplateF401CEU6.elf.dir/USER/Src/stm32f4xx_it.c.obj
                0x08000632                SVC_Handler
 .text.DebugMon_Handler
                0x08000634        0x2 CMakeFiles/TemplateF401CEU6.elf.dir/USER/Src/stm32f4xx_it.c.obj
                0x08000634                DebugMon_Handler
 .text.PendSV_Handler
                0x08000636        0x2 CMakeFiles/TemplateF401CEU6.elf.dir/USER/Src/stm32f4xx_it.c.obj
                0x08000636                PendSV_Handler
 .text.SysTick_Handler
                0x08000638        0x2 CMakeFiles/TemplateF401CEU6.elf.dir/USER/Src/stm32f4xx_it.c.obj
                0x08000638                SysTick_Handler
 *fill*         0x0800063a        0x2 
 .text.SetSysClock
                0x0800063c       0xc0 CMakeFiles/TemplateF401CEU6.elf.dir/USER/Src/system_stm32f4xx.c.obj
 .text.SystemInit
                0x080006fc       0x44 CMakeFiles/TemplateF401CEU6.elf.dir/USER/Src/system_stm32f4xx.c.obj
                0x080006fc                SystemInit
 .text.Reset_Handler
                0x08000740       0x50 CMakeFiles/TemplateF401CEU6.elf.dir/startup/startup_stm32f401xe.s.obj
                0x08000740                Reset_Handler
 .text.Default_Handler
                0x08000790        0x2 CMakeFiles/TemplateF401CEU6.elf.dir/startup/startup_stm32f401xe.s.obj
                0x08000790                RTC_Alarm_IRQHandler
                0x08000790                EXTI2_IRQHandler
                0x08000790                SPI4_IRQHandler
                0x08000790                TIM1_CC_IRQHandler
                0x08000790                DMA2_Stream5_IRQHandler
                0x08000790                DMA1_Stream5_IRQHandler
                0x08000790                PVD_IRQHandler
                0x08000790                SDIO_IRQHandler
                0x08000790                TAMP_STAMP_IRQHandler
                0x08000790                EXTI3_IRQHandler
                0x08000790                TIM1_UP_TIM10_IRQHandler
                0x08000790                I2C3_ER_IRQHandler
                0x08000790                EXTI0_IRQHandler
                0x08000790                I2C2_EV_IRQHandler
                0x08000790                DMA1_Stream2_IRQHandler
                0x08000790                FPU_IRQHandler
                0x08000790                DMA2_Stream2_IRQHandler
                0x08000790                SPI1_IRQHandler
                0x08000790                TIM1_BRK_TIM9_IRQHandler
                0x08000790                DMA2_Stream3_IRQHandler
                0x08000790                USART6_IRQHandler
                0x08000790                DMA2_Stream0_IRQHandler
                0x08000790                TIM4_IRQHandler
                0x08000790                I2C1_EV_IRQHandler
                0x08000790                DMA1_Stream6_IRQHandler
                0x08000790                DMA1_Stream1_IRQHandler
                0x08000790                TIM3_IRQHandler
                0x08000790                RCC_IRQHandler
                0x08000790                Default_Handler
                0x08000790                EXTI15_10_IRQHandler
                0x08000790                ADC_IRQHandler
                0x08000790                DMA1_Stream7_IRQHandler
                0x08000790                TIM5_IRQHandler
                0x08000790                DMA2_Stream7_IRQHandler
                0x08000790                I2C3_EV_IRQHandler
                0x08000790                EXTI9_5_IRQHandler
                0x08000790                RTC_WKUP_IRQHandler
                0x08000790                SPI2_IRQHandler
                0x08000790                DMA1_Stream0_IRQHandler
                0x08000790                EXTI4_IRQHandler
                0x08000790                WWDG_IRQHandler
                0x08000790                TIM2_IRQHandler
                0x08000790                OTG_FS_WKUP_IRQHandler
                0x08000790                TIM1_TRG_COM_TIM11_IRQHandler
                0x08000790                EXTI1_IRQHandler
                0x08000790                USART2_IRQHandler
                0x08000790                I2C2_ER_IRQHandler
                0x08000790                DMA2_Stream1_IRQHandler
                0x08000790                FLASH_IRQHandler
                0x08000790                DMA2_Stream4_IRQHandler
                0x08000790                OTG_FS_IRQHandler
                0x08000790                SPI3_IRQHandler
                0x08000790                DMA1_Stream4_IRQHandler
                0x08000790                I2C1_ER_IRQHandler
                0x08000790                DMA2_Stream6_IRQHandler
                0x08000790                DMA1_Stream3_IRQHandler
 *fill*         0x08000792        0x2 
 .text.__libc_init_array
                0x08000794       0x48 c:/progra~2/gnuarm~1/102021~1.10/bin/../lib/gcc/arm-none-eabi/10.3.1/../../../../arm-none-eabi/lib/thumb/v7e-m/nofp\libg_nano.a(lib_a-init.o)
                0x08000794                __libc_init_array
 *(.glue_7)
 .glue_7        0x080007dc        0x0 linker stubs
 *(.glue_7t)
 .glue_7t       0x080007dc        0x0 linker stubs
 *(.eh_frame)
 .eh_frame      0x080007dc        0x0 c:/progra~2/gnuarm~1/102021~1.10/bin/../lib/gcc/arm-none-eabi/10.3.1/thumb/v7e-m/nofp/crtbegin.o
 *(.init)
 .init          0x080007dc        0x4 c:/progra~2/gnuarm~1/102021~1.10/bin/../lib/gcc/arm-none-eabi/10.3.1/thumb/v7e-m/nofp/crti.o
                0x080007dc                _init
 .init          0x080007e0        0x8 c:/progra~2/gnuarm~1/102021~1.10/bin/../lib/gcc/arm-none-eabi/10.3.1/thumb/v7e-m/nofp/crtn.o
 *(.fini)
 .fini          0x080007e8        0x4 c:/progra~2/gnuarm~1/102021~1.10/bin/../lib/gcc/arm-none-eabi/10.3.1/thumb/v7e-m/nofp/crti.o
                0x080007e8                _fini
 .fini          0x080007ec        0x8 c:/progra~2/gnuarm~1/102021~1.10/bin/../lib/gcc/arm-none-eabi/10.3.1/thumb/v7e-m/nofp/crtn.o
                0x080007f4                . = ALIGN (0x4)
                0x080007f4                _etext = .

.vfp11_veneer   0x080007f4        0x0
 .vfp11_veneer  0x080007f4        0x0 linker stubs

.v4_bx          0x080007f4        0x0
 .v4_bx         0x080007f4        0x0 linker stubs

.iplt           0x080007f4        0x0
 .iplt          0x080007f4        0x0 c:/progra~2/gnuarm~1/102021~1.10/bin/../lib/gcc/arm-none-eabi/10.3.1/thumb/v7e-m/nofp/crtbegin.o

.rel.dyn        0x080007f4        0x0
 .rel.iplt      0x080007f4        0x0 c:/progra~2/gnuarm~1/102021~1.10/bin/../lib/gcc/arm-none-eabi/10.3.1/thumb/v7e-m/nofp/crtbegin.o

.rodata         0x080007f4        0x0
                0x080007f4                . = ALIGN (0x4)
 *(.rodata)
 *(.rodata*)
                0x080007f4                . = ALIGN (0x4)

.ARM.extab
 *(.ARM.extab* .gnu.linkonce.armextab.*)

.ARM            0x080007f4        0x0
                0x080007f4                __exidx_start = .
 *(.ARM.exidx*)
                0x080007f4                __exidx_end = .

.preinit_array  0x080007f4        0x0
                0x080007f4                PROVIDE (__preinit_array_start = .)
 *(.preinit_array*)
                0x080007f4                PROVIDE (__preinit_array_end = .)

.init_array     0x080007f4        0x4
                0x080007f4                PROVIDE (__init_array_start = .)
 *(SORT_BY_NAME(.init_array.*))
 *(.init_array*)
 .init_array    0x080007f4        0x4 c:/progra~2/gnuarm~1/102021~1.10/bin/../lib/gcc/arm-none-eabi/10.3.1/thumb/v7e-m/nofp/crtbegin.o
                0x080007f8                PROVIDE (__init_array_end = .)

.fini_array     0x080007f8        0x4
                [!provide]                PROVIDE (__fini_array_start = .)
 *(SORT_BY_NAME(.fini_array.*))
 *(.fini_array*)
 .fini_array    0x080007f8        0x4 c:/progra~2/gnuarm~1/102021~1.10/bin/../lib/gcc/arm-none-eabi/10.3.1/thumb/v7e-m/nofp/crtbegin.o
                [!provide]                PROVIDE (__fini_array_end = .)
                0x080007fc                _sidata = LOADADDR (.data)

.data           0x20000000        0x0 load address 0x080007fc
                0x20000000                . = ALIGN (0x4)
                0x20000000                _sdata = .
 *(.data)
 *(.data*)
                0x20000000                . = ALIGN (0x4)
                0x20000000                _edata = .

.igot.plt       0x20000000        0x0 load address 0x080007fc
 .igot.plt      0x20000000        0x0 c:/progra~2/gnuarm~1/102021~1.10/bin/../lib/gcc/arm-none-eabi/10.3.1/thumb/v7e-m/nofp/crtbegin.o
                0x20000000                . = ALIGN (0x4)

.bss            0x20000000       0xe8 load address 0x080007fc
                0x20000000                _sbss = .
                0x20000000                __bss_start__ = _sbss
 *(.bss)
 .bss           0x20000000       0x1c c:/progra~2/gnuarm~1/102021~1.10/bin/../lib/gcc/arm-none-eabi/10.3.1/thumb/v7e-m/nofp/crtbegin.o
 *(.bss*)
 .bss.USART_RX_BUF
                0x2000001c       0xc8 CMakeFiles/TemplateF401CEU6.elf.dir/SYSTEM/Src/usart.c.obj
                0x2000001c                USART_RX_BUF
 .bss.USART_RX_STA
                0x200000e4        0x2 CMakeFiles/TemplateF401CEU6.elf.dir/SYSTEM/Src/usart.c.obj
                0x200000e4                USART_RX_STA
 *(COMMON)
                0x200000e8                . = ALIGN (0x4)
 *fill*         0x200000e6        0x2 
                0x200000e8                _ebss = .
                0x200000e8                __bss_end__ = _ebss

._user_heap_stack
                0x200000e8      0x600 load address 0x080007fc
                0x200000e8                . = ALIGN (0x8)
                [!provide]                PROVIDE (end = .)
                [!provide]                PROVIDE (_end = .)
                0x200002e8                . = (. + _Min_Heap_Size)
 *fill*         0x200000e8      0x200 
                0x200006e8                . = (. + _Min_Stack_Size)
 *fill*         0x200002e8      0x400 
                0x200006e8                . = ALIGN (0x8)

/DISCARD/
 libc.a(*)
 libm.a(*)
 libgcc.a(*)

.ARM.attributes
                0x00000000       0x2a
 *(.ARM.attributes)
 .ARM.attributes
                0x00000000       0x1e c:/progra~2/gnuarm~1/102021~1.10/bin/../lib/gcc/arm-none-eabi/10.3.1/thumb/v7e-m/nofp/crti.o
 .ARM.attributes
                0x0000001e       0x2e c:/progra~2/gnuarm~1/102021~1.10/bin/../lib/gcc/arm-none-eabi/10.3.1/thumb/v7e-m/nofp/crtbegin.o
 .ARM.attributes
                0x0000004c       0x2e CMakeFiles/TemplateF401CEU6.elf.dir/FWLIB/src/stm32f4xx_gpio.c.obj
 .ARM.attributes
                0x0000007a       0x2e CMakeFiles/TemplateF401CEU6.elf.dir/FWLIB/src/stm32f4xx_rcc.c.obj
 .ARM.attributes
                0x000000a8       0x2e CMakeFiles/TemplateF401CEU6.elf.dir/FWLIB/src/stm32f4xx_usart.c.obj
 .ARM.attributes
                0x000000d6       0x2e CMakeFiles/TemplateF401CEU6.elf.dir/SYSTEM/Src/usart.c.obj
 .ARM.attributes
                0x00000104       0x2e CMakeFiles/TemplateF401CEU6.elf.dir/USER/Src/Delay.c.obj
 .ARM.attributes
                0x00000132       0x2e CMakeFiles/TemplateF401CEU6.elf.dir/USER/Src/main.c.obj
 .ARM.attributes
                0x00000160       0x2e CMakeFiles/TemplateF401CEU6.elf.dir/USER/Src/stm32f4xx_it.c.obj
 .ARM.attributes
                0x0000018e       0x2e CMakeFiles/TemplateF401CEU6.elf.dir/USER/Src/system_stm32f4xx.c.obj
 .ARM.attributes
                0x000001bc       0x21 CMakeFiles/TemplateF401CEU6.elf.dir/startup/startup_stm32f401xe.s.obj
 .ARM.attributes
                0x000001dd       0x2e c:/progra~2/gnuarm~1/102021~1.10/bin/../lib/gcc/arm-none-eabi/10.3.1/../../../../arm-none-eabi/lib/thumb/v7e-m/nofp\libg_nano.a(lib_a-init.o)
 .ARM.attributes
                0x0000020b       0x1e c:/progra~2/gnuarm~1/102021~1.10/bin/../lib/gcc/arm-none-eabi/10.3.1/thumb/v7e-m/nofp/crtn.o
OUTPUT(TemplateF401CEU6.elf elf32-littlearm)
LOAD linker stubs
LOAD c:/progra~2/gnuarm~1/102021~1.10/bin/../lib/gcc/arm-none-eabi/10.3.1/../../../../arm-none-eabi/lib/thumb/v7e-m/nofp\libc.a
LOAD c:/progra~2/gnuarm~1/102021~1.10/bin/../lib/gcc/arm-none-eabi/10.3.1/../../../../arm-none-eabi/lib/thumb/v7e-m/nofp\libm.a
LOAD c:/progra~2/gnuarm~1/102021~1.10/bin/../lib/gcc/arm-none-eabi/10.3.1/thumb/v7e-m/nofp\libgcc.a

.debug_info     0x00000000     0x45f8
 .debug_info    0x00000000      0x8b1 CMakeFiles/TemplateF401CEU6.elf.dir/FWLIB/src/stm32f4xx_gpio.c.obj
 .debug_info    0x000008b1      0xedb CMakeFiles/TemplateF401CEU6.elf.dir/FWLIB/src/stm32f4xx_rcc.c.obj
 .debug_info    0x0000178c      0xc72 CMakeFiles/TemplateF401CEU6.elf.dir/FWLIB/src/stm32f4xx_usart.c.obj
 .debug_info    0x000023fe     0x1245 CMakeFiles/TemplateF401CEU6.elf.dir/SYSTEM/Src/usart.c.obj
 .debug_info    0x00003643      0x17c CMakeFiles/TemplateF401CEU6.elf.dir/USER/Src/Delay.c.obj
 .debug_info    0x000037bf      0x6a8 CMakeFiles/TemplateF401CEU6.elf.dir/USER/Src/main.c.obj
 .debug_info    0x00003e67      0x10e CMakeFiles/TemplateF401CEU6.elf.dir/USER/Src/stm32f4xx_it.c.obj
 .debug_info    0x00003f75      0x661 CMakeFiles/TemplateF401CEU6.elf.dir/USER/Src/system_stm32f4xx.c.obj
 .debug_info    0x000045d6       0x22 CMakeFiles/TemplateF401CEU6.elf.dir/startup/startup_stm32f401xe.s.obj

.debug_abbrev   0x00000000      0xd7d
 .debug_abbrev  0x00000000      0x20e CMakeFiles/TemplateF401CEU6.elf.dir/FWLIB/src/stm32f4xx_gpio.c.obj
 .debug_abbrev  0x0000020e      0x204 CMakeFiles/TemplateF401CEU6.elf.dir/FWLIB/src/stm32f4xx_rcc.c.obj
 .debug_abbrev  0x00000412      0x1cd CMakeFiles/TemplateF401CEU6.elf.dir/FWLIB/src/stm32f4xx_usart.c.obj
 .debug_abbrev  0x000005df      0x32c CMakeFiles/TemplateF401CEU6.elf.dir/SYSTEM/Src/usart.c.obj
 .debug_abbrev  0x0000090b       0xe8 CMakeFiles/TemplateF401CEU6.elf.dir/USER/Src/Delay.c.obj
 .debug_abbrev  0x000009f3      0x1ad CMakeFiles/TemplateF401CEU6.elf.dir/USER/Src/main.c.obj
 .debug_abbrev  0x00000ba0       0x44 CMakeFiles/TemplateF401CEU6.elf.dir/USER/Src/stm32f4xx_it.c.obj
 .debug_abbrev  0x00000be4      0x187 CMakeFiles/TemplateF401CEU6.elf.dir/USER/Src/system_stm32f4xx.c.obj
 .debug_abbrev  0x00000d6b       0x12 CMakeFiles/TemplateF401CEU6.elf.dir/startup/startup_stm32f401xe.s.obj

.debug_loc      0x00000000     0x1c87
 .debug_loc     0x00000000      0x417 CMakeFiles/TemplateF401CEU6.elf.dir/FWLIB/src/stm32f4xx_gpio.c.obj
 .debug_loc     0x00000417      0xa9a CMakeFiles/TemplateF401CEU6.elf.dir/FWLIB/src/stm32f4xx_rcc.c.obj
 .debug_loc     0x00000eb1      0x7ec CMakeFiles/TemplateF401CEU6.elf.dir/FWLIB/src/stm32f4xx_usart.c.obj
 .debug_loc     0x0000169d      0x105 CMakeFiles/TemplateF401CEU6.elf.dir/SYSTEM/Src/usart.c.obj
 .debug_loc     0x000017a2       0x9d CMakeFiles/TemplateF401CEU6.elf.dir/USER/Src/Delay.c.obj
 .debug_loc     0x0000183f      0x2f0 CMakeFiles/TemplateF401CEU6.elf.dir/USER/Src/main.c.obj
 .debug_loc     0x00001b2f      0x158 CMakeFiles/TemplateF401CEU6.elf.dir/USER/Src/system_stm32f4xx.c.obj

.debug_aranges  0x00000000      0x470
 .debug_aranges
                0x00000000       0x88 CMakeFiles/TemplateF401CEU6.elf.dir/FWLIB/src/stm32f4xx_gpio.c.obj
 .debug_aranges
                0x00000088      0x198 CMakeFiles/TemplateF401CEU6.elf.dir/FWLIB/src/stm32f4xx_rcc.c.obj
 .debug_aranges
                0x00000220      0x100 CMakeFiles/TemplateF401CEU6.elf.dir/FWLIB/src/stm32f4xx_usart.c.obj
 .debug_aranges
                0x00000320       0x40 CMakeFiles/TemplateF401CEU6.elf.dir/SYSTEM/Src/usart.c.obj
 .debug_aranges
                0x00000360       0x30 CMakeFiles/TemplateF401CEU6.elf.dir/USER/Src/Delay.c.obj
 .debug_aranges
                0x00000390       0x28 CMakeFiles/TemplateF401CEU6.elf.dir/USER/Src/main.c.obj
 .debug_aranges
                0x000003b8       0x60 CMakeFiles/TemplateF401CEU6.elf.dir/USER/Src/stm32f4xx_it.c.obj
 .debug_aranges
                0x00000418       0x30 CMakeFiles/TemplateF401CEU6.elf.dir/USER/Src/system_stm32f4xx.c.obj
 .debug_aranges
                0x00000448       0x28 CMakeFiles/TemplateF401CEU6.elf.dir/startup/startup_stm32f401xe.s.obj

.debug_ranges   0x00000000      0x3e8
 .debug_ranges  0x00000000       0x78 CMakeFiles/TemplateF401CEU6.elf.dir/FWLIB/src/stm32f4xx_gpio.c.obj
 .debug_ranges  0x00000078      0x188 CMakeFiles/TemplateF401CEU6.elf.dir/FWLIB/src/stm32f4xx_rcc.c.obj
 .debug_ranges  0x00000200       0xf0 CMakeFiles/TemplateF401CEU6.elf.dir/FWLIB/src/stm32f4xx_usart.c.obj
 .debug_ranges  0x000002f0       0x30 CMakeFiles/TemplateF401CEU6.elf.dir/SYSTEM/Src/usart.c.obj
 .debug_ranges  0x00000320       0x20 CMakeFiles/TemplateF401CEU6.elf.dir/USER/Src/Delay.c.obj
 .debug_ranges  0x00000340       0x18 CMakeFiles/TemplateF401CEU6.elf.dir/USER/Src/main.c.obj
 .debug_ranges  0x00000358       0x50 CMakeFiles/TemplateF401CEU6.elf.dir/USER/Src/stm32f4xx_it.c.obj
 .debug_ranges  0x000003a8       0x20 CMakeFiles/TemplateF401CEU6.elf.dir/USER/Src/system_stm32f4xx.c.obj
 .debug_ranges  0x000003c8       0x20 CMakeFiles/TemplateF401CEU6.elf.dir/startup/startup_stm32f401xe.s.obj

.debug_line     0x00000000     0x2ad8
 .debug_line    0x00000000      0x549 CMakeFiles/TemplateF401CEU6.elf.dir/FWLIB/src/stm32f4xx_gpio.c.obj
 .debug_line    0x00000549      0xb57 CMakeFiles/TemplateF401CEU6.elf.dir/FWLIB/src/stm32f4xx_rcc.c.obj
 .debug_line    0x000010a0      0x8de CMakeFiles/TemplateF401CEU6.elf.dir/FWLIB/src/stm32f4xx_usart.c.obj
 .debug_line    0x0000197e      0x4b5 CMakeFiles/TemplateF401CEU6.elf.dir/SYSTEM/Src/usart.c.obj
 .debug_line    0x00001e33      0x1d6 CMakeFiles/TemplateF401CEU6.elf.dir/USER/Src/Delay.c.obj
 .debug_line    0x00002009      0x515 CMakeFiles/TemplateF401CEU6.elf.dir/USER/Src/main.c.obj
 .debug_line    0x0000251e      0x147 CMakeFiles/TemplateF401CEU6.elf.dir/USER/Src/stm32f4xx_it.c.obj
 .debug_line    0x00002665      0x3d7 CMakeFiles/TemplateF401CEU6.elf.dir/USER/Src/system_stm32f4xx.c.obj
 .debug_line    0x00002a3c       0x9c CMakeFiles/TemplateF401CEU6.elf.dir/startup/startup_stm32f401xe.s.obj

.debug_str      0x00000000     0x1b52
 .debug_str     0x00000000      0x4ae CMakeFiles/TemplateF401CEU6.elf.dir/FWLIB/src/stm32f4xx_gpio.c.obj
                                0x4fc (size before relaxing)
 .debug_str     0x000004ae      0x72f CMakeFiles/TemplateF401CEU6.elf.dir/FWLIB/src/stm32f4xx_rcc.c.obj
                                0x951 (size before relaxing)
 .debug_str     0x00000bdd      0x426 CMakeFiles/TemplateF401CEU6.elf.dir/FWLIB/src/stm32f4xx_usart.c.obj
                                0x714 (size before relaxing)
 .debug_str     0x00001003      0x880 CMakeFiles/TemplateF401CEU6.elf.dir/SYSTEM/Src/usart.c.obj
                                0xd90 (size before relaxing)
 .debug_str     0x00001883       0x66 CMakeFiles/TemplateF401CEU6.elf.dir/USER/Src/Delay.c.obj
                                0x1f8 (size before relaxing)
 .debug_str     0x000018e9       0x46 CMakeFiles/TemplateF401CEU6.elf.dir/USER/Src/main.c.obj
                                0x3d9 (size before relaxing)
 .debug_str     0x0000192f       0xc6 CMakeFiles/TemplateF401CEU6.elf.dir/USER/Src/stm32f4xx_it.c.obj
                                0x244 (size before relaxing)
 .debug_str     0x000019f5      0x113 CMakeFiles/TemplateF401CEU6.elf.dir/USER/Src/system_stm32f4xx.c.obj
                                0x420 (size before relaxing)
 .debug_str     0x00001b08       0x4a CMakeFiles/TemplateF401CEU6.elf.dir/startup/startup_stm32f401xe.s.obj
                                 0x7f (size before relaxing)

.comment        0x00000000       0x49
 .comment       0x00000000       0x49 CMakeFiles/TemplateF401CEU6.elf.dir/FWLIB/src/stm32f4xx_gpio.c.obj
                                 0x4a (size before relaxing)
 .comment       0x00000049       0x4a CMakeFiles/TemplateF401CEU6.elf.dir/FWLIB/src/stm32f4xx_rcc.c.obj
 .comment       0x00000049       0x4a CMakeFiles/TemplateF401CEU6.elf.dir/FWLIB/src/stm32f4xx_usart.c.obj
 .comment       0x00000049       0x4a CMakeFiles/TemplateF401CEU6.elf.dir/SYSTEM/Src/usart.c.obj
 .comment       0x00000049       0x4a CMakeFiles/TemplateF401CEU6.elf.dir/USER/Src/Delay.c.obj
 .comment       0x00000049       0x4a CMakeFiles/TemplateF401CEU6.elf.dir/USER/Src/main.c.obj
 .comment       0x00000049       0x4a CMakeFiles/TemplateF401CEU6.elf.dir/USER/Src/stm32f4xx_it.c.obj
 .comment       0x00000049       0x4a CMakeFiles/TemplateF401CEU6.elf.dir/USER/Src/system_stm32f4xx.c.obj

.debug_frame    0x00000000      0x880
 .debug_frame   0x00000000      0x118 CMakeFiles/TemplateF401CEU6.elf.dir/FWLIB/src/stm32f4xx_gpio.c.obj
 .debug_frame   0x00000118      0x328 CMakeFiles/TemplateF401CEU6.elf.dir/FWLIB/src/stm32f4xx_rcc.c.obj
 .debug_frame   0x00000440      0x204 CMakeFiles/TemplateF401CEU6.elf.dir/FWLIB/src/stm32f4xx_usart.c.obj
 .debug_frame   0x00000644       0x8c CMakeFiles/TemplateF401CEU6.elf.dir/SYSTEM/Src/usart.c.obj
 .debug_frame   0x000006d0       0x50 CMakeFiles/TemplateF401CEU6.elf.dir/USER/Src/Delay.c.obj
 .debug_frame   0x00000720       0x40 CMakeFiles/TemplateF401CEU6.elf.dir/USER/Src/main.c.obj
 .debug_frame   0x00000760       0xa0 CMakeFiles/TemplateF401CEU6.elf.dir/USER/Src/stm32f4xx_it.c.obj
 .debug_frame   0x00000800       0x54 CMakeFiles/TemplateF401CEU6.elf.dir/USER/Src/system_stm32f4xx.c.obj
 .debug_frame   0x00000854       0x2c c:/progra~2/gnuarm~1/102021~1.10/bin/../lib/gcc/arm-none-eabi/10.3.1/../../../../arm-none-eabi/lib/thumb/v7e-m/nofp\libg_nano.a(lib_a-init.o)
